12:43:59 
=======================================================
12:43:59   RUB — Ingesta de Datasets
12:43:59   DB: localhost/rub
12:43:59   Log: C:\Users\fcohen\repos\rub-dashboard\logs\ingest_20260311_124359.log
12:43:59 =======================================================
12:43:59 
  Cargando: BECAS_BELGRANO...
12:43:59   Archivos encontrados: 1
12:43:59 
───────────────────────────────────────────────────────
12:43:59   Ingestando: C:\Users\fcohen\repos\rub-dashboard\datasets\RUB\BECAS BELGRANO/becas_belgrano.csv
12:43:59 ───────────────────────────────────────────────────────
12:43:59   Columnas CSV: ['cuit', 'apellido', 'nombre', 'sexo', 'provincia', 'fecha_nacimiento', 'monto_liquidado', 'periodo_liquidado']
12:43:59   *** MODO TEST: límite de 10,000 filas ***
12:43:59   Cache cargado (0.1s):
12:43:59     3 secretarías, 3 programas
12:43:59     29,658 CUILs, 19,767 benefits, 19,690 pagos
12:44:00   Chunk 1: 10,000 filas [13,940/s]  ben=0 benf=10,000 pay=10,000
12:44:00 
  Ingesta completada en 0.7s
12:44:00   Filas procesadas:                  10,000
12:44:00   Beneficiarios nuevos:                   0
12:44:00   Benefits nuevos:                   10,000
12:44:00   Benefits omitidos (dup):                0
12:44:00   Pagos nuevos:                      10,000
12:44:00   Pagos omitidos (dup):                   0
12:44:00   CUIL inválidos:                         0
12:44:00   Errores:                                0
12:44:00 =======================================================
12:44:00   REPORTE DE INGESTA
12:44:00 =======================================================
12:44:00   Dataset:                       BECAS_BELGRANO
12:44:00   Rows:                                10,000
12:44:00   Ben new:                                  0
12:44:00   Ben upd:                                  0
12:44:00   Benefits new:                        10,000
12:44:00   Benefits skip:                            0
12:44:00   Pay new:                             10,000
12:44:00   Pay skip:                                 0
12:44:00   Cuil invalido:                            0
12:44:00   Errores:                                  0
12:44:00   Tiempo total:                          0.7s
12:44:00   Log guardado en:               C:\Users\fcohen\repos\rub-dashboard\logs\ingest_20260311_124359.log
12:44:00 =======================================================
12:44:00   Carga de BECAS_BELGRANO completada.
12:44:00 
  Hasta luego.

