21:26:51 
=======================================================
21:26:51   RUB — Ingesta de Datasets
21:26:51   DB: localhost/rub
21:26:51   Log: /Users/fede/repos/rub-dashboard/logs/ingest_20260316_212651.log
21:26:51 =======================================================
21:26:53 
  Iniciando dashboard en http://localhost:5000 ...
21:26:53     admin@demo.local / Demo123!
21:26:53     Ctrl+C para detener

21:31:28 
  Dashboard detenido.
21:45:16 
  Creando tablas materializadas...
21:54:40     ============================================================
21:54:40     Creando tablas materializadas para RUB Dashboard
21:54:40     DB: localhost/rub
21:54:40     ============================================================
21:54:40     
21:54:40     Limpiando tablas y MVs existentes...
21:54:40     
21:54:40     Períodos encontrados: 12
21:54:40     
21:54:40     Creando mv_cross...
21:54:40       [1/12] 2025-04: 13,250 rows (22.7s)
21:54:40       [2/12] 2025-05: 13,253 rows (22.9s)
21:54:40       [3/12] 2025-06: 13,253 rows (22.8s)
21:54:40       [4/12] 2025-07: 13,251 rows (22.7s)
21:54:40       [5/12] 2025-08: 13,248 rows (22.9s)
21:54:40       [6/12] 2025-09: 13,251 rows (22.8s)
21:54:40       [7/12] 2025-10: 13,253 rows (23.1s)
21:54:40       [8/12] 2025-11: 13,249 rows (22.6s)
21:54:40       [9/12] 2025-12: 13,248 rows (23.1s)
21:54:40       [10/12] 2026-01: 13,251 rows (23.0s)
21:54:40       [11/12] 2026-02: 13,250 rows (22.8s)
21:54:40       [12/12] 2026-03: 13,245 rows (22.9s)
21:54:40       mv_cross OK (159,002 rows, 276.0s)
21:54:40     
21:54:40     Creando mv_resumen...
21:54:40       [1/12] 2025-04: 1,657 rows (23.5s)
21:54:40       [2/12] 2025-05: 1,657 rows (23.6s)
21:54:40       [3/12] 2025-06: 1,657 rows (23.5s)
21:54:40       [4/12] 2025-07: 1,657 rows (24.1s)
21:54:40       [5/12] 2025-08: 1,657 rows (23.7s)
21:54:40       [6/12] 2025-09: 1,657 rows (23.3s)
21:54:40       [7/12] 2025-10: 1,657 rows (23.3s)
21:54:40       [8/12] 2025-11: 1,657 rows (23.0s)
21:54:40       [9/12] 2025-12: 1,657 rows (23.2s)
21:54:40       [10/12] 2026-01: 1,657 rows (23.4s)
21:54:40       [11/12] 2026-02: 1,657 rows (23.4s)
21:54:40       [12/12] 2026-03: 1,657 rows (23.8s)
21:54:40       mv_resumen OK (19,884 rows, 282.0s)
21:54:40     
21:54:40     Creando tabla periods... OK
21:54:40     Creando tabla provincias_lookup... OK
21:54:40     
21:54:40     ANALYZE en tablas...
21:54:40     
21:54:40     ============================================================
21:54:40     Tablas materializadas creadas en 564.0s
21:54:40     ============================================================
21:54:40   Matviews creadas en 564.1s
21:54:40   Cache limpiado (.cache/)
