12:07:43 
=======================================================
12:07:43   RUB — Ingesta de Datasets
12:07:43   DB: localhost/rub
12:07:43   Log: C:\Users\fcohen\repos\rub-dashboard\logs\ingest_20260311_120743.log
12:07:43 =======================================================
12:08:08 
  Cargando: VOUCHERS...
12:08:08   Archivos encontrados: 1
12:08:08 
───────────────────────────────────────────────────────
12:08:08   Ingestando: C:\Users\fcohen\repos\rub-dashboard\datasets\RUB\VOUCHERS\vouchers_liquidaciones_202603102019.csv
12:08:08 ───────────────────────────────────────────────────────
12:08:08   Columnas CSV: ['pe_liqui', 'cuil_adulto', 'cuil_menor', 'monto', 'ape_nom_menor']
12:08:08   Cache cargado (0.0s):
12:08:08     0 secretarías, 0 programas
12:08:08     0 CUILs, 0 benefits, 0 pagos
12:08:08     + Secretaría: 'Secretaría de Inclusión Social' (id=1)
12:08:08     + Programa: 'Vouchers' (id=1)
12:08:32   Chunk 1: 200,000 filas [8,423/s]  ben=199,963 benf=200,000 pay=200,000
12:08:55   Chunk 2: 400,000 filas [8,539/s]  ben=370,388 benf=400,000 pay=400,000
12:09:15   Chunk 3: 600,000 filas [8,909/s]  ben=516,198 benf=600,000 pay=600,000
12:09:32   Chunk 4: 800,000 filas [9,478/s]  ben=629,734 benf=800,000 pay=800,000
12:09:45   Chunk 5: 1,000,000 filas [10,349/s]  ben=629,734 benf=1,000,000 pay=1,000,000
12:09:59   Chunk 6: 1,200,000 filas [10,759/s]  ben=639,057 benf=1,200,000 pay=1,200,000
12:10:22   Chunk 7: 1,400,000 filas [10,441/s]  ben=758,911 benf=1,400,000 pay=1,400,000
12:10:41   Chunk 8: 1,600,000 filas [10,468/s]  ben=887,007 benf=1,600,000 pay=1,600,000
12:10:56   Chunk 9: 1,800,000 filas [10,683/s]  ben=911,462 benf=1,800,000 pay=1,800,000
12:11:16   Chunk 10: 2,000,000 filas [10,657/s]  ben=929,075 benf=2,000,000 pay=2,000,000
12:11:35   Chunk 11: 2,200,000 filas [10,618/s]  ben=948,752 benf=2,200,000 pay=2,200,000
12:11:55   Chunk 12: 2,400,000 filas [10,572/s]  ben=966,499 benf=2,400,000 pay=2,400,000
12:12:12   Chunk 13: 2,600,000 filas [10,667/s]  ben=981,036 benf=2,600,000 pay=2,600,000
12:12:29   Chunk 14: 2,800,000 filas [10,725/s]  ben=983,498 benf=2,800,000 pay=2,800,000
12:12:45   Chunk 15: 3,000,000 filas [10,822/s]  ben=986,189 benf=3,000,000 pay=3,000,000
12:13:01   Chunk 16: 3,200,000 filas [10,921/s]  ben=988,675 benf=3,200,000 pay=3,200,000
12:13:16   Chunk 17: 3,400,000 filas [11,051/s]  ben=991,124 benf=3,400,000 pay=3,400,000
12:13:28   Chunk 18: 3,600,000 filas [11,233/s]  ben=991,514 benf=3,600,000 pay=3,600,000
12:13:41   Chunk 19: 3,800,000 filas [11,414/s]  ben=991,514 benf=3,800,000 pay=3,800,000
12:13:54   Chunk 20: 4,000,000 filas [11,571/s]  ben=991,514 benf=4,000,000 pay=4,000,000
12:14:07   Chunk 21: 4,200,000 filas [11,708/s]  ben=991,514 benf=4,200,000 pay=4,200,000
12:14:20   Chunk 22: 4,400,000 filas [11,816/s]  ben=991,514 benf=4,400,000 pay=4,400,000
12:14:33   Chunk 23: 4,600,000 filas [11,932/s]  ben=991,514 benf=4,600,000 pay=4,600,000
12:14:47   Chunk 24: 4,800,000 filas [12,034/s]  ben=991,514 benf=4,800,000 pay=4,800,000
12:15:01   Chunk 25: 5,000,000 filas [12,115/s]  ben=991,514 benf=5,000,000 pay=5,000,000
12:15:14   Chunk 26: 5,200,000 filas [12,218/s]  ben=991,514 benf=5,200,000 pay=5,200,000
12:15:26   Chunk 27: 5,400,000 filas [12,326/s]  ben=991,514 benf=5,400,000 pay=5,400,000
12:15:39   Chunk 28: 5,600,000 filas [12,412/s]  ben=991,514 benf=5,600,000 pay=5,600,000
12:15:52   Chunk 29: 5,800,000 filas [12,499/s]  ben=991,514 benf=5,800,000 pay=5,800,000
12:16:05   Chunk 30: 6,000,000 filas [12,581/s]  ben=991,514 benf=6,000,000 pay=6,000,000
12:16:19   Chunk 31: 6,200,000 filas [12,631/s]  ben=991,514 benf=6,200,000 pay=6,200,000
12:16:32   Chunk 32: 6,400,000 filas [12,687/s]  ben=991,514 benf=6,400,000 pay=6,400,000
