12:27:40 
=======================================================
12:27:40   RUB — Ingesta de Datasets
12:27:40   DB: localhost/rub
12:27:40   Log: C:\Users\fcohen\repos\rub-dashboard\logs\ingest_20260311_122740.log
12:27:40 =======================================================
12:27:40 
  Cargando: BECAS_BELGRANO...
12:27:40   Archivos encontrados: 1
12:27:40 
───────────────────────────────────────────────────────
12:27:40   Ingestando: C:\Users\fcohen\repos\rub-dashboard\datasets\RUB\BECAS BELGRANO/becas_belgrano.csv
12:27:40 ───────────────────────────────────────────────────────
12:27:40   Columnas CSV: ['cuit', 'apellido', 'nombre', 'sexo', 'provincia', 'fecha_nacimiento', 'monto_liquidado', 'periodo_liquidado']
12:27:40   *** MODO TEST: límite de 10,000 filas ***
12:27:40   Cache cargado (0.0s):
12:27:40     2 secretarías, 2 programas
12:27:40     10,000 CUILs, 10,000 benefits, 10,000 pagos
12:27:41   Chunk 1: 10,000 filas [11,861/s]  ben=9,998 benf=10,000 pay=10,000
12:27:41 
  Ingesta completada en 0.8s
12:27:41   Filas procesadas:                  10,000
12:27:41   Beneficiarios nuevos:               9,998
12:27:41   Benefits nuevos:                   10,000
12:27:41   Benefits omitidos (dup):                0
12:27:41   Pagos nuevos:                      10,000
12:27:41   Pagos omitidos (dup):                   0
12:27:41   CUIL inválidos:                         0
12:27:41   Errores:                                0
12:27:41 =======================================================
12:27:41   REPORTE DE INGESTA
12:27:41 =======================================================
12:27:41   Dataset:                       BECAS_BELGRANO
12:27:41   Rows:                                10,000
12:27:41   Ben new:                              9,998
12:27:41   Ben upd:                                  0
12:27:41   Benefits new:                        10,000
12:27:41   Benefits skip:                            0
12:27:41   Pay new:                             10,000
12:27:41   Pay skip:                                 0
12:27:41   Cuil invalido:                            0
12:27:41   Errores:                                  0
12:27:41   Tiempo total:                          0.8s
12:27:41   Log guardado en:               C:\Users\fcohen\repos\rub-dashboard\logs\ingest_20260311_122740.log
12:27:41 =======================================================
12:27:41   Carga de BECAS_BELGRANO completada.
12:27:41 
  Hasta luego.

