12:25:35 
=======================================================
12:25:35   RUB — Ingesta de Datasets
12:25:35   DB: localhost/rub
12:25:35   Log: C:\Users\fcohen\repos\rub-dashboard\logs\ingest_20260311_122534.log
12:25:35 =======================================================
12:25:35 
  Cargando: BECAS_BELGRANO...
12:25:35   Archivos encontrados: 1
12:25:35 
───────────────────────────────────────────────────────
12:25:35   Ingestando: C:\Users\fcohen\repos\rub-dashboard\datasets\RUB\BECAS BELGRANO/becas_belgrano.csv
12:25:35 ───────────────────────────────────────────────────────
12:25:35   Columnas CSV: ['cuit', 'apellido', 'nombre', 'sexo', 'provincia', 'fecha_nacimiento', 'monto_liquidado', 'periodo_liquidado']
12:25:35   *** MODO TEST: límite de 10,000 filas ***
12:25:35   Cache cargado (0.0s):
12:25:35     1 secretarías, 1 programas
12:25:35     10,000 CUILs, 10,000 benefits, 10,000 pagos
12:25:35     + Secretaría: 'Secretaría de Educación' (id=2)
12:25:35     + Programa: 'Becas Belgrano' (id=2)
12:25:35   Chunk 1: 10,000 filas [11,639/s]  ben=9,998 benf=10,000 pay=10,000
12:25:35 
  Ingesta completada en 0.9s
12:25:35   Filas procesadas:                  10,000
12:25:35   Beneficiarios nuevos:               9,998
12:25:35   Benefits nuevos:                   10,000
12:25:35   Benefits omitidos (dup):                0
12:25:35   Pagos nuevos:                      10,000
12:25:35   Pagos omitidos (dup):                   0
12:25:35   CUIL inválidos:                         0
12:25:35   Errores:                                0
12:25:35 =======================================================
12:25:35   REPORTE DE INGESTA
12:25:35 =======================================================
12:25:35   Dataset:                       BECAS_BELGRANO
12:25:35   Rows:                                10,000
12:25:35   Ben new:                              9,998
12:25:35   Ben upd:                                  0
12:25:35   Benefits new:                        10,000
12:25:35   Benefits skip:                            0
12:25:35   Pay new:                             10,000
12:25:35   Pay skip:                                 0
12:25:35   Cuil invalido:                            0
12:25:35   Errores:                                  0
12:25:35   Tiempo total:                          0.9s
12:25:35   Log guardado en:               C:\Users\fcohen\repos\rub-dashboard\logs\ingest_20260311_122534.log
12:25:35 =======================================================
12:25:35   Carga de BECAS_BELGRANO completada.
12:25:35 
  Hasta luego.

