15:56:37 
==================================================
  RUB -- Pipeline de Datos
  DB: localhost/rub
==================================================
15:56:38 
  Dashboard: http://localhost:5000  (Ctrl+C para detener)

18:38:02 
  Estado de la base de datos:
18:38:02   programs                             8
18:38:02   beneficiaries                  100,000
18:38:02   benefits                     2,005,836
18:38:03   payments                     1,790,039
18:38:03   incompatibility_rules                4
18:38:03   users                                2
18:38:03   secretarias                          3
18:38:03 
  Periodos (12):
18:38:03     2025-04: 167,153
18:38:03     2025-05: 167,153
18:38:03     2025-06: 167,153
18:38:03     2025-07: 167,153
18:38:03     2025-08: 167,153
18:38:03     2025-09: 167,153
18:38:03     2025-10: 167,153
18:38:03     2025-11: 167,153
18:38:03     2025-12: 167,153
18:38:03     2026-01: 167,153
18:38:03     2026-02: 167,153
18:38:03     2026-03: 167,153
18:38:03     mv_cross: 129,980 filas
18:38:03     mv_resumen: 19,658 filas
18:38:03     mv_nominal: 1,200,000 filas
19:04:38 
  Estado de la base de datos:
19:04:38   programs                             8
19:04:38   beneficiaries                  100,000
19:04:38   benefits                     2,005,836
19:04:38   payments                     1,790,039
19:04:38   incompatibility_rules                4
19:04:38   users                                2
19:04:38   secretarias                          3
19:04:39 
  Periodos (12):
19:04:39     2025-04: 167,153
19:04:39     2025-05: 167,153
19:04:39     2025-06: 167,153
19:04:39     2025-07: 167,153
19:04:39     2025-08: 167,153
19:04:39     2025-09: 167,153
19:04:39     2025-10: 167,153
19:04:39     2025-11: 167,153
19:04:39     2025-12: 167,153
19:04:39     2026-01: 167,153
19:04:39     2026-02: 167,153
19:04:39     2026-03: 167,153
19:04:39     mv_cross: 141,778 filas
19:04:39     mv_resumen: 19,658 filas
19:04:39     mv_nominal: 1,200,000 filas
19:18:02 
  Dashboard: http://localhost:5000  (Ctrl+C para detener)

19:19:55 
  Dashboard: http://localhost:5000  (Ctrl+C para detener)

