21:15:34 
=======================================================
21:15:34   RUB — Ingesta de Datasets
21:15:34   DB: localhost/rub
21:15:34   Log: /Users/fede/repos/rub-dashboard/logs/ingest_20260316_211534.log
21:15:34 =======================================================
21:15:42 
  Creando tablas materializadas...
21:15:57     ============================================================
21:15:57     Creando tablas materializadas para RUB Dashboard
21:15:57     DB: localhost/rub
21:15:57     ============================================================
21:15:57     
21:15:57     Limpiando tablas y MVs existentes...
21:15:57     
21:15:57     Períodos encontrados: 12
21:15:57     
21:15:57     Creando mv_cross...
21:15:57       [1/12] 2025-04: 11,846 rows (0.5s)
21:15:57       [2/12] 2025-05: 11,834 rows (0.5s)
21:15:57       [3/12] 2025-06: 11,823 rows (0.5s)
21:15:57       [4/12] 2025-07: 11,816 rows (0.5s)
21:15:57       [5/12] 2025-08: 11,805 rows (0.5s)
21:15:57       [6/12] 2025-09: 11,804 rows (0.5s)
21:15:57       [7/12] 2025-10: 11,829 rows (0.5s)
21:15:57       [8/12] 2025-11: 11,812 rows (0.5s)
21:15:57       [9/12] 2025-12: 11,778 rows (0.5s)
21:15:57       [10/12] 2026-01: 11,750 rows (0.5s)
21:15:57       [11/12] 2026-02: 11,787 rows (0.5s)
21:15:57       [12/12] 2026-03: 11,787 rows (0.5s)
21:15:57       mv_cross OK (141,671 rows, 7.0s)
21:15:57     
21:15:57     Creando mv_resumen...
21:15:57       [1/12] 2025-04: 1,639 rows (0.5s)
21:15:57       [2/12] 2025-05: 1,638 rows (0.5s)
21:15:57       [3/12] 2025-06: 1,638 rows (0.5s)
21:15:57       [4/12] 2025-07: 1,638 rows (0.5s)
21:15:57       [5/12] 2025-08: 1,638 rows (0.5s)
21:15:57       [6/12] 2025-09: 1,638 rows (0.5s)
21:15:57       [7/12] 2025-10: 1,638 rows (0.5s)
21:15:57       [8/12] 2025-11: 1,637 rows (0.5s)
21:15:57       [9/12] 2025-12: 1,637 rows (0.5s)
21:15:57       [10/12] 2026-01: 1,635 rows (0.6s)
21:15:57       [11/12] 2026-02: 1,635 rows (0.5s)
21:15:57       [12/12] 2026-03: 1,635 rows (0.5s)
21:15:57       mv_resumen OK (19,646 rows, 6.5s)
21:15:57     
21:15:57     Creando tabla periods... OK
21:15:57     Creando tabla provincias_lookup... OK
21:15:57     
21:15:57     ANALYZE en tablas...
21:15:57     
21:15:57     ============================================================
21:15:57     Tablas materializadas creadas en 14.0s
21:15:57     ============================================================
21:15:57   Matviews creadas en 14.1s
21:16:09 
  Tablas materializadas (2/2):
21:16:09   Tabla                               Filas
21:16:09   ------------------------------ ----------
21:16:09   mv_cross                          141,671
21:16:09   mv_resumen                         19,646
21:19:06 
  Creando tablas materializadas...
21:23:09     ============================================================
21:23:09     Creando tablas materializadas para RUB Dashboard
21:23:09     DB: localhost/rub
21:23:09     ============================================================
21:23:09     
21:23:09     Limpiando tablas y MVs existentes...
21:23:09     
21:23:09     Períodos encontrados: 12
21:23:09     
21:23:09     Creando mv_cross...
21:23:09       [1/12] 2025-04: 11,854 rows (0.5s)
21:23:09       [2/12] 2025-05: 11,842 rows (0.5s)
21:23:09       [3/12] 2025-06: 11,831 rows (0.5s)
21:23:09       [4/12] 2025-07: 11,824 rows (0.5s)
21:23:09       [5/12] 2025-08: 11,813 rows (0.5s)
21:23:09       [6/12] 2025-09: 11,812 rows (0.5s)
21:23:09       [7/12] 2025-10: 11,837 rows (0.5s)
21:23:09       [8/12] 2025-11: 11,820 rows (0.5s)
21:23:09       [9/12] 2025-12: 11,786 rows (0.5s)
21:23:09       [10/12] 2026-01: 11,758 rows (0.5s)
21:23:09       [11/12] 2026-02: 11,795 rows (0.5s)
21:23:09       [12/12] 2026-03: 11,795 rows (0.5s)
21:23:09       mv_cross OK (141,767 rows, 6.9s)
21:23:09     
21:23:09     Creando mv_resumen...
21:23:09       [1/12] 2025-04: 1,640 rows (0.5s)
21:23:09       [2/12] 2025-05: 1,639 rows (0.5s)
21:23:09       [3/12] 2025-06: 1,639 rows (0.5s)
21:23:09       [4/12] 2025-07: 1,639 rows (0.5s)
21:23:09       [5/12] 2025-08: 1,639 rows (0.6s)
21:23:09       [6/12] 2025-09: 1,639 rows (0.5s)
21:23:09       [7/12] 2025-10: 1,639 rows (0.5s)
21:23:09       [8/12] 2025-11: 1,638 rows (0.6s)
21:23:09       [9/12] 2025-12: 1,638 rows (0.5s)
21:23:09       [10/12] 2026-01: 1,636 rows (0.5s)
21:23:09       [11/12] 2026-02: 1,636 rows (0.5s)
21:23:09       [12/12] 2026-03: 1,636 rows (0.5s)
21:23:09       mv_resumen OK (19,658 rows, 6.5s)
21:23:09     
21:23:09     Creando tabla periods... OK
21:23:09     Creando tabla provincias_lookup... OK
21:23:09     
21:23:09     ANALYZE en tablas...
21:23:09     
21:23:09     ============================================================
21:23:09     Tablas materializadas creadas en 242.1s
21:23:09     ============================================================
21:23:09   Matviews creadas en 242.1s
21:24:04 
  Creando tablas materializadas...
21:24:18     ============================================================
21:24:18     Creando tablas materializadas para RUB Dashboard
21:24:18     DB: localhost/rub
21:24:18     ============================================================
21:24:18     
21:24:18     Limpiando tablas y MVs existentes...
21:24:18     
21:24:18     Períodos encontrados: 12
21:24:18     
21:24:18     Creando mv_cross...
21:24:18       [1/12] 2025-04: 11,854 rows (0.5s)
21:24:18       [2/12] 2025-05: 11,842 rows (0.5s)
21:24:18       [3/12] 2025-06: 11,831 rows (0.5s)
21:24:18       [4/12] 2025-07: 11,824 rows (0.5s)
21:24:18       [5/12] 2025-08: 11,813 rows (0.5s)
21:24:18       [6/12] 2025-09: 11,812 rows (0.5s)
21:24:18       [7/12] 2025-10: 11,837 rows (0.5s)
21:24:18       [8/12] 2025-11: 11,820 rows (0.5s)
21:24:18       [9/12] 2025-12: 11,786 rows (0.5s)
21:24:18       [10/12] 2026-01: 11,758 rows (0.5s)
21:24:18       [11/12] 2026-02: 11,795 rows (0.5s)
21:24:18       [12/12] 2026-03: 11,795 rows (0.5s)
21:24:18       mv_cross OK (141,767 rows, 7.2s)
21:24:18     
21:24:18     Creando mv_resumen...
21:24:18       [1/12] 2025-04: 1,640 rows (0.5s)
21:24:18       [2/12] 2025-05: 1,639 rows (0.5s)
21:24:18       [3/12] 2025-06: 1,639 rows (0.5s)
21:24:18       [4/12] 2025-07: 1,639 rows (0.5s)
21:24:18       [5/12] 2025-08: 1,639 rows (0.5s)
21:24:18       [6/12] 2025-09: 1,639 rows (0.5s)
21:24:18       [7/12] 2025-10: 1,639 rows (0.5s)
21:24:18       [8/12] 2025-11: 1,638 rows (0.5s)
21:24:18       [9/12] 2025-12: 1,638 rows (0.5s)
21:24:18       [10/12] 2026-01: 1,636 rows (0.5s)
21:24:18       [11/12] 2026-02: 1,636 rows (0.5s)
21:24:18       [12/12] 2026-03: 1,636 rows (0.5s)
21:24:18       mv_resumen OK (19,658 rows, 6.6s)
21:24:18     
21:24:18     Creando tabla periods... OK
21:24:18     Creando tabla provincias_lookup... OK
21:24:18     
21:24:18     ANALYZE en tablas...
21:24:18     
21:24:18     ============================================================
21:24:18     Tablas materializadas creadas en 14.1s
21:24:18     ============================================================
21:24:18   Matviews creadas en 14.2s
21:24:48 
  Iniciando dashboard en http://localhost:5000 ...
21:24:48     admin@demo.local / Demo123!
21:24:48     Ctrl+C para detener

21:24:51 
  Iniciando dashboard en http://localhost:5000 ...
21:24:51     admin@demo.local / Demo123!
21:24:51     Ctrl+C para detener

