12:53:44   Archivos encontrados: 1
12:53:44 
───────────────────────────────────────────────────────
12:53:44   Ingestando: C:\Users\fcohen\repos\rub-dashboard\datasets\RUB\BECAS BELGRANO/becas_belgrano.csv
12:53:44 ───────────────────────────────────────────────────────
12:53:44   Columnas CSV: ['cuit', 'apellido', 'nombre', 'sexo', 'provincia', 'fecha_nacimiento', 'monto_liquidado', 'periodo_liquidado']
12:53:44   *** MODO TEST: límite de 50,000 filas ***
12:53:44   Cache cargado (0.1s):
12:53:44     3 secretarías, 3 programas
12:53:44     29,658 CUILs, 19,767 benefits, 19,690 pagos
12:53:48   Chunk 1: 50,000 filas [13,152/s]  ben=25,971 benf=50,000 pay=50,000
12:53:48 
  Ingesta completada en 3.8s
12:53:48   Filas procesadas:                  50,000
12:53:48   Beneficiarios nuevos:              25,971
12:53:48   Benefits nuevos:                   50,000
12:53:48   Benefits omitidos (dup):                0
12:53:48   Pagos nuevos:                      50,000
12:53:48   Pagos omitidos (dup):                   0
12:53:48   CUIL inválidos:                         0
12:53:48   Errores:                                0
12:53:48 =======================================================
12:53:48   REPORTE DE INGESTA
12:53:48 =======================================================
12:53:48   Dataset:                       BECAS_BELGRANO
12:53:48   Rows:                                50,000
12:53:48   Ben new:                             25,971
12:53:48   Ben upd:                                  0
12:53:48   Benefits new:                        50,000
12:53:48   Benefits skip:                            0
12:53:48   Pay new:                             50,000
12:53:48   Pay skip:                                 0
12:53:48   Cuil invalido:                            0
12:53:48   Errores:                                  0
12:53:48   Tiempo total:                          3.8s
12:53:48   Log guardado en:               C:\Users\fcohen\repos\rub-dashboard\logs\ingest_20260311_125344.log
12:53:48 =======================================================
