12:29:28 
=======================================================
12:29:28   RUB — Ingesta de Datasets
12:29:28   DB: localhost/rub
12:29:28   Log: C:\Users\fcohen\repos\rub-dashboard\logs\ingest_20260311_122928.log
12:29:28 =======================================================
12:29:28 
  Cargando: STESS...
12:29:28   Archivos encontrados: 1
12:29:28 
───────────────────────────────────────────────────────
12:29:28   Ingestando: C:\Users\fcohen\repos\rub-dashboard\datasets\RUB\STESS\stess_202603101919.csv
12:29:28 ───────────────────────────────────────────────────────
12:29:28   Columnas CSV: ['periodo_liquidado', 'liqui_plan', 'provincia_cod', 'cuil', 'apellido_y_nombre', 'fecha_nacimiento', 'sexo', 'importe_total', 'provincia_desc']
12:29:28   *** MODO TEST: límite de 10,000 filas ***
12:29:28   Cache cargado (0.0s):
12:29:28     2 secretarías, 2 programas
12:29:28     19,998 CUILs, 20,000 benefits, 20,000 pagos
12:29:28     + Secretaría: 'Secretaría de Trabajo' (id=3)
12:29:28     + Programa: 'STESS' (id=3)
12:29:29   Chunk 1: 10,000 filas [11,314/s]  ben=9,660 benf=9,767 pay=9,690
12:29:29 
  Ingesta completada en 0.9s
12:29:29   Filas procesadas:                  10,000
12:29:29   Beneficiarios nuevos:               9,660
12:29:29   Benefits nuevos:                    9,767
12:29:29   Benefits omitidos (dup):              233
12:29:29   Pagos nuevos:                       9,690
12:29:29   Pagos omitidos (dup):                 230
12:29:29   CUIL inválidos:                         0
12:29:29   Errores:                                0
12:29:29 =======================================================
12:29:29   REPORTE DE INGESTA
12:29:29 =======================================================
12:29:29   Dataset:                       STESS
12:29:29   Rows:                                10,000
12:29:29   Ben new:                              9,660
12:29:29   Ben upd:                                  0
12:29:29   Benefits new:                         9,767
12:29:29   Benefits skip:                          233
12:29:29   Pay new:                              9,690
12:29:29   Pay skip:                               230
12:29:29   Cuil invalido:                            0
12:29:29   Errores:                                  0
12:29:29   Tiempo total:                          0.9s
12:29:29   Log guardado en:               C:\Users\fcohen\repos\rub-dashboard\logs\ingest_20260311_122928.log
12:29:29 =======================================================
12:29:29   Carga de STESS completada.
12:29:29 
  Hasta luego.

