12:44:50 
=======================================================
12:44:50   RUB — Ingesta de Datasets
12:44:50   DB: localhost/rub
12:44:50   Log: C:\Users\fcohen\repos\rub-dashboard\logs\ingest_20260311_124450.log
12:44:50 =======================================================
12:44:50 
  Cargando: BECAS_BELGRANO...
12:44:50   Archivos encontrados: 1
12:44:50 
───────────────────────────────────────────────────────
12:44:50   Ingestando: C:\Users\fcohen\repos\rub-dashboard\datasets\RUB\BECAS BELGRANO/becas_belgrano.csv
12:44:50 ───────────────────────────────────────────────────────
12:44:50   Columnas CSV: ['cuit', 'apellido', 'nombre', 'sexo', 'provincia', 'fecha_nacimiento', 'monto_liquidado', 'periodo_liquidado']
12:44:50   *** MODO TEST: límite de 10,000 filas ***
12:44:50   Cache cargado (0.1s):
12:44:50     3 secretarías, 3 programas
12:44:50     29,658 CUILs, 29,767 benefits, 29,690 pagos
12:44:50   Chunk 1: 10,000 filas [51,402/s]  ben=0 benf=0 pay=0
12:44:50 
  Ingesta completada en 0.2s
12:44:50   Filas procesadas:                  10,000
12:44:50   Beneficiarios nuevos:                   0
12:44:50   Benefits nuevos:                        0
12:44:50   Benefits omitidos (dup):           10,000
12:44:50   Pagos nuevos:                           0
12:44:50   Pagos omitidos (dup):              10,000
12:44:50   CUIL inválidos:                         0
12:44:50   Errores:                                0
12:44:50 =======================================================
12:44:50   REPORTE DE INGESTA
12:44:50 =======================================================
12:44:50   Dataset:                       BECAS_BELGRANO
12:44:50   Rows:                                10,000
12:44:50   Ben new:                                  0
12:44:50   Ben upd:                                  0
12:44:50   Benefits new:                             0
12:44:50   Benefits skip:                       10,000
12:44:50   Pay new:                                  0
12:44:50   Pay skip:                            10,000
12:44:50   Cuil invalido:                            0
12:44:50   Errores:                                  0
12:44:50   Tiempo total:                          0.2s
12:44:50   Log guardado en:               C:\Users\fcohen\repos\rub-dashboard\logs\ingest_20260311_124450.log
12:44:50 =======================================================
12:44:50   Carga de BECAS_BELGRANO completada.
12:44:50 
  Hasta luego.

