12:19:16 
=======================================================
12:19:16   RUB — Ingesta de Datasets
12:19:16   DB: localhost/rub
12:19:16   Log: C:\Users\fcohen\repos\rub-dashboard\logs\ingest_20260311_121916.log
12:19:16 =======================================================
12:19:29   Tablas de datos truncadas.
12:19:31 
  Cargando: VOUCHERS...
12:19:31   Archivos encontrados: 1
12:19:31 
───────────────────────────────────────────────────────
12:19:31   Ingestando: C:\Users\fcohen\repos\rub-dashboard\datasets\RUB\VOUCHERS\vouchers_liquidaciones_202603102019.csv
12:19:31 ───────────────────────────────────────────────────────
12:19:31   Columnas CSV: ['pe_liqui', 'cuil_adulto', 'cuil_menor', 'monto', 'ape_nom_menor']
12:19:31   *** MODO TEST: límite de 10,000 filas ***
12:19:31   Cache cargado (0.0s):
12:19:31     0 secretarías, 0 programas
12:19:31     0 CUILs, 0 benefits, 0 pagos
12:19:31     + Secretaría: 'Secretaría de Inclusión Social' (id=1)
12:19:31     + Programa: 'Vouchers' (id=1)
12:19:32   Chunk 1: 10,000 filas [14,073/s]  ben=10,000 benf=10,000 pay=10,000
12:19:32 
  Ingesta completada en 0.7s
12:19:32   Filas procesadas:                  10,000
12:19:32   Beneficiarios nuevos:              10,000
12:19:32   Benefits nuevos:                   10,000
12:19:32   Benefits omitidos (dup):                0
12:19:32   Pagos nuevos:                      10,000
12:19:32   Pagos omitidos (dup):                   0
12:19:32   CUIL inválidos:                         0
12:19:32   Errores:                                0
12:19:32 =======================================================
12:19:32   REPORTE DE INGESTA
12:19:32 =======================================================
12:19:32   Dataset:                       VOUCHERS
12:19:32   Rows:                                10,000
12:19:32   Ben new:                             10,000
12:19:32   Ben upd:                                  0
12:19:32   Benefits new:                        10,000
12:19:32   Benefits skip:                            0
12:19:32   Pay new:                             10,000
12:19:32   Pay skip:                                 0
12:19:32   Cuil invalido:                            0
12:19:32   Errores:                                  0
12:19:32   Tiempo total:                          0.7s
12:19:32   Log guardado en:               C:\Users\fcohen\repos\rub-dashboard\logs\ingest_20260311_121916.log
12:19:32 =======================================================
12:19:32   Carga de VOUCHERS completada.
