20:46:04 
=======================================================
20:46:04   RUB — Ingesta de Datasets
20:46:04   DB: localhost/rub
20:46:04   Log: /Users/fede/repos/rub-dashboard/logs/ingest_20260316_204604.log
20:46:04 =======================================================
20:47:12 
  Creando tablas materializadas...
20:47:26     ============================================================
20:47:26     Creando tablas materializadas para RUB Dashboard
20:47:26     DB: localhost/rub
20:47:26     ============================================================
20:47:26     
20:47:26     Limpiando tablas y MVs existentes...
20:47:26     
20:47:26     Períodos encontrados: 12
20:47:26     
20:47:26     Creando mv_cross...
20:47:26       [1/12] 2025-04: 11,730 rows (0.5s)
20:47:26       [2/12] 2025-05: 11,707 rows (0.5s)
20:47:26       [3/12] 2025-06: 11,688 rows (0.5s)
20:47:26       [4/12] 2025-07: 11,669 rows (0.5s)
20:47:26       [5/12] 2025-08: 11,673 rows (0.5s)
20:47:26       [6/12] 2025-09: 11,669 rows (0.5s)
20:47:26       [7/12] 2025-10: 11,702 rows (0.5s)
20:47:26       [8/12] 2025-11: 11,644 rows (0.5s)
20:47:26       [9/12] 2025-12: 11,654 rows (0.5s)
20:47:26       [10/12] 2026-01: 11,633 rows (0.5s)
20:47:26       [11/12] 2026-02: 11,653 rows (0.5s)
20:47:26       [12/12] 2026-03: 11,627 rows (0.5s)
20:47:26       mv_cross OK (140,049 rows, 6.4s)
20:47:26     
20:47:26     Creando mv_resumen...
20:47:26       [1/12] 2025-04: 1,634 rows (0.6s)
20:47:26       [2/12] 2025-05: 1,632 rows (0.6s)
20:47:26       [3/12] 2025-06: 1,632 rows (0.6s)
20:47:26       [4/12] 2025-07: 1,630 rows (0.6s)
20:47:26       [5/12] 2025-08: 1,631 rows (0.6s)
20:47:26       [6/12] 2025-09: 1,628 rows (0.6s)
20:47:26       [7/12] 2025-10: 1,634 rows (0.6s)
20:47:26       [8/12] 2025-11: 1,631 rows (0.6s)
20:47:26       [9/12] 2025-12: 1,633 rows (0.6s)
20:47:26       [10/12] 2026-01: 1,628 rows (0.6s)
20:47:26       [11/12] 2026-02: 1,631 rows (0.6s)
20:47:26       [12/12] 2026-03: 1,627 rows (0.6s)
20:47:26       mv_resumen OK (19,571 rows, 7.1s)
20:47:26     
20:47:26     Creando tabla periods... OK
20:47:26     Creando tabla provincias_lookup... OK
20:47:26     
20:47:26     ANALYZE en tablas...
20:47:26     
20:47:26     ============================================================
20:47:26     Tablas materializadas creadas en 13.9s
20:47:26     ============================================================
20:47:26   Matviews creadas en 13.9s
20:47:26   Cache limpiado (.cache/)
20:47:46 
  Tablas materializadas (2/2):
20:47:46   Tabla                               Filas
20:47:46   ------------------------------ ----------
20:47:46   mv_cross                          140,049
20:47:46   mv_resumen                         19,571
21:06:02 
  Creando tablas materializadas...
21:14:48     ============================================================
21:14:48     Creando tablas materializadas para RUB Dashboard
21:14:48     DB: localhost/rub
21:14:48     ============================================================
21:14:48     
21:14:48     Limpiando tablas y MVs existentes...
21:14:48     
21:14:48     Períodos encontrados: 12
21:14:48     
21:14:48     Creando mv_cross...
21:14:48       [1/12] 2025-04: 11,846 rows (0.5s)
21:14:48       [2/12] 2025-05: 11,834 rows (0.5s)
21:14:48       [3/12] 2025-06: 11,823 rows (0.5s)
21:14:48       [4/12] 2025-07: 11,816 rows (0.5s)
21:14:48       [5/12] 2025-08: 11,805 rows (0.5s)
21:14:48       [6/12] 2025-09: 11,804 rows (0.5s)
21:14:48       [7/12] 2025-10: 11,829 rows (0.5s)
21:14:48       [8/12] 2025-11: 11,812 rows (0.5s)
21:14:48       [9/12] 2025-12: 11,778 rows (0.5s)
21:14:48       [10/12] 2026-01: 11,750 rows (0.5s)
21:14:48       [11/12] 2026-02: 11,787 rows (0.5s)
21:14:48       [12/12] 2026-03: 11,787 rows (0.5s)
21:14:48       mv_cross OK (141,671 rows, 7.0s)
21:14:48     
21:14:48     Creando mv_resumen...
21:14:48       [1/12] 2025-04: 1,639 rows (0.5s)
21:14:48       [2/12] 2025-05: 1,638 rows (0.5s)
21:14:48       [3/12] 2025-06: 1,638 rows (0.5s)
21:14:48       [4/12] 2025-07: 1,638 rows (0.5s)
21:14:48       [5/12] 2025-08: 1,638 rows (0.5s)
21:14:48       [6/12] 2025-09: 1,638 rows (0.5s)
21:14:48       [7/12] 2025-10: 1,638 rows (0.5s)
21:14:48       [8/12] 2025-11: 1,637 rows (0.5s)
21:14:48       [9/12] 2025-12: 1,637 rows (0.5s)
21:14:48       [10/12] 2026-01: 1,635 rows (0.5s)
21:14:48       [11/12] 2026-02: 1,635 rows (0.5s)
21:14:48       [12/12] 2026-03: 1,635 rows (0.6s)
21:14:48       mv_resumen OK (19,646 rows, 6.4s)
21:14:48     
21:14:48     Creando tabla periods... OK
21:14:48     Creando tabla provincias_lookup... OK
21:14:48     
21:14:48     ANALYZE en tablas...
21:14:48     
21:14:48     ============================================================
21:14:48     Tablas materializadas creadas en 525.8s
21:14:48     ============================================================
21:14:48   Matviews creadas en 525.8s
